[html/home.html]
[backblue.gif]
[fade.gif]
[index.html]
[jpg/header_image1.jpg]
[jpg/header_image2.jpg]
[html/index.html]
[html/introduction.html]
[html/exhibitionnarrative.html]
[html/objectchecklist.html]
[html/associatedirector.html]
[html/guestcurator.html]
[html/fabq.html]
[html/exhibitioncatalogue.html]
[html/publicprograms.html]
[html/resources.html]
[html/previousexhibitions.html]
[html/isaw.html]
[html/facilities.html]
[html/contact.html]
[swf/bqfinal.swf]
[html/location.html]
[html/home.html]
[jpg/footer.jpg]
[css/aggregatore4da.css]
[css/nodee4da.css]
[css/defaultse4da.css]
[png/tree.png]
[png/tree-bottom.png]
[gif/throbber.gif]
[png/menu-expanded.png]
[png/menu-collapsed.png]
[png/grippie.png]
[png/draggable.png]
[css/systeme4da.css]
[gif/progress.gif]
[png/menu-leaf.png]
[css/system-menuse4da.css]
[css/usere4da.css]
[gif/tilebg.gif]
[gif/aboutexhibition.gif]
[gif/exhibitioncatalog.gif]
[gif/publicprograms.gif]
[gif/resources.gif]
[gif/prevexhibitions.gif]
[gif/aboutisaw.gif]
[gif/contact.gif]
[gif/location.gif]
[gif/isaw.gif]
[gif/facilities.gif]
[gif/introduction.gif]
[gif/exhibitnarrative.gif]
[gif/objchecklist.gif]
[gif/meetdirector.gif]
[gif/meetcurator.gif]
[css/stylee4da.css]
[gif/faqs.gif]
[js/jquery.js]
[html/index.html]
[gif/introduction-2.gif]
[jpg/thinker.for_.main_.page_.jpg]
[html/introduction.html]
[html/getmainimgtext8240.html]
[html/getcomment8240.html]
[html/addcommenthref8240.html]
[jpg/exhibitnarrative.jpg]
[jpg/thinker.lg_.jpg]
[jpg/thinker.sm_.jpg]
[jpg/femalefigurine2.sm_.jpg]
[jpg/femalefigurine1.sm_.jpg]
[jpg/zoomorphsm.jpg]
[jpg/bracelet.sm_.jpg]
[jpg/axe.sm_.jpg]
[jpg/archfigure7.sm_.jpg]
[jpg/archimodel.sm_.jpg]
[jpg/glob.sm_.jpg]
[jpg/anthrovessel.sm__1.jpg]
[jpg/amphorae.sm_.jpg]
[jpg/pintadera.sm_.jpg]
[jpg/pinta2.sm_.jpg]
[jpg/necklace.sm_.jpg]
[jpg/horse.sm_.jpg]
[gif/comments.gif]
[html/273.html]
[html/858.html]
[html/251.html]
[html/109.html]
[html/102.html]
[html/89.html]
[html/84.html]
[html/70.html]
[html/62.html]
[html/60.html]
[html/59.html]
[html/54.html]
[html/53.html]
[html/52.html]
[html/exhibitionnarrative.html]
[jpg/objchecklist.jpg]
[html/49.html]
[jpg/1.602_img_0558.preview.jpg]
[jpg/4.4418-4421_img_1222.preview.jpg]
[jpg/12.18344_img_1216.preview.jpg]
[jpg/15.6618_img_1197.preview.jpg]
[jpg/18.11655_img_0707.preview.jpg]
[jpg/19.11660_img_0708.preview.jpg]
[jpg/22.13812_img_0753.preview.jpg]
[jpg/24.102312_img_0786.preview.jpg]
[jpg/26.6690_img_1105.preview.jpg]
[jpg/29.6349_img_0616.preview.jpg]
[jpg/30.25862_img_0611.preview.jpg]
[jpg/31.13726_img_0720.preview.jpg]
[jpg/32.25234_img_0612.preview.jpg]
[jpg/33.73528_img_0724.preview.jpg]
[jpg/34.32456_img_0765.preview.jpg]
[jpg/35.176062_img_0735.preview.jpg]
[jpg/36.32806_img_0743.preview.jpg]
[jpg/37.32449_img_0744.preview.jpg]
[jpg/38.2766_img_1138.preview.jpg]
[jpg/39.26427_img_0580.preview.jpg]
[jpg/40.35921_img_0578.preview.jpg]
[jpg/41.12100_img_0704.preview.jpg]
[jpg/43.8192_img_0574.preview.jpg]
[jpg/44.12104_img_0730.preview.jpg]
[jpg/47.15858_img_6079.preview.jpg]
[jpg/52.21876_img_0570.preview.jpg]
[jpg/53.1283_img_1198.preview.jpg]
[jpg/54.6653-1_img_1200.preview.jpg]
[jpg/56.21203_img_0586.preview.jpg]
[jpg/57.53167_img_0603.preview.jpg]
[jpg/58.13724_img_0722.preview.jpg]
[jpg/59.291169_img_0732.preview.jpg]
[jpg/60.13771_img_0748.preview.jpg]
[jpg/61.13770_img_0750.preview.jpg]
[jpg/62.39487_img_0271b.preview.jpg]
[jpg/68.47473_img_0589.preview.jpg]
[jpg/69.412_img_0571.preview.jpg]
[jpg/70.32433_img_0404b.preview.jpg]
[jpg/78.17935_img_0666.preview.jpg]
[jpg/96.3074_img_1150.preview.jpg]
[jpg/97.3063_3072_img_1124.preview.jpg]
[jpg/98.i_8278_img_0808.preview.jpg]
[jpg/99.32435_img_0761.preview.jpg]
[jpg/104.643_img_0778.preview.jpg]
[jpg/105.7081_img_0780.preview.jpg]
[jpg/107.5646_img_1207.preview.jpg]
[jpg/108.1227_img_1202.preview.jpg]
[jpg/110.1752_img_0822.preview.jpg]
[jpg/112.923_img_0817.preview.jpg]
[jpg/113. 286_img_0826.preview.jpg]
[jpg/114.6019_img_0288.preview.jpg]
[jpg/115.24806_img_0291.preview.jpg]
[jpg/124.11669-11673_img_9273.preview.jpg]
[jpg/125.12171_img_6065.preview.jpg]
[jpg/127.10528_img_0536.preview.jpg]
[jpg/128.10533_img_0538.preview.jpg]
[jpg/129.10535_img_9160.preview.jpg]
[jpg/130.9165-9188_img_0604.preview.jpg]
[jpg/131.39491_img_0243.preview.jpg]
[jpg/134.1277-1300_img_0606.preview.jpg]
[jpg/136.26728-26755_img_0607.preview.jpg]
[jpg/138.8290_img_0584.preview.jpg]
[jpg/139.9025_img_7917.preview.jpg]
[jpg/141.amul_apliq_36.preview.jpg]
[jpg/149.2437.preview.jpg]
[jpg/150.2434.preview.jpg]
[jpg/151.1751.preview.jpg]
[jpg/156.3632.preview.jpg]
[jpg/157.1238-5.preview.jpg]
[jpg/163.1737-1739_1741.preview.jpg]
[jpg/165.1722group_rings_36.preview.jpg]
[jpg/169.2374.preview.jpg]
[jpg/194.7983_group_img_0617.preview.jpg]
[jpg/199.7977-7983_img_9158.preview.jpg]
[html/objectchecklist.html]
[gif/meetjennifer.gif]
[html/associatedirector.html]
[jpg/jenchi.jpg]
[gif/meetdavid.gif]
[jpg/davidanthony.jpg]
[html/guestcurator.html]
[gif/fabqs.gif]
[jpg/1_biconical_pot.jpg]
[jpg/15_spiral_bracelet.jpg]
[jpg/10_anthropomorphic_vessel.jpg]
[jpg/18_set_of_twenty_one.jpg]
[jpg/6_gold_idol.jpg]
[jpg/21_anthropomorphic_vessel.jpg]
[jpg/11_architectural_model.jpg]
[jpg/zoomorphic.thumbnail.jpg]
[jpg/female.thumbnail.jpg]
[jpg/thinker_0.thumbnail.jpg]
[jpg/architecturalmodel_0.thumbnail.jpg]
[jpg/arrowheads_0.thumbnail.jpg]
[html/fabq.html]
[jpg/exhcat.jpg]
[jpg/cover_0.jpg]
[jpg/cover.jpg]
[jpg/coverthumb.jpg]
[jpg/catalognew.jpg]
[jpg/cataloguetitlethumb.jpg]
[jpg/contentsnew.jpg]
[jpg/cataloguetocthumb.jpg]
[pdf/forward.pdf]
[pdf/figurines_of_old_europe.pdf]
[pdf/spondylus.pdf]
[html/exhibitioncatalogue.html]
[jpg/buy.jpg]
[jpg/publicprograms.jpg]
[pdf/hs_packet.pdf]
[html/publicprograms.html]
[jpg/resources.jpg]
[html/resources.html]
[jpg/prevexh.jpg]
[jpg/teaser_banner_2.jpg]
[html/previousexhibitions.html]
[jpg/aboutisaw.jpg]
[jpg/abouttheinstitute2.jpg]
[html/isaw.html]
[jpg/aboutfacilities.jpg]
[jpg/abouttheresidence.jpg]
[html/facilities.html]
[jpg/contact.jpg]
[jpg/signup.jpg]
[jpg/submit.jpg]
[jpg/contact-2.jpg]
[html/contact.html]
[jpg/location.jpg]
[jpg/directions.jpg]
[jpg/map2.jpg]
[html/location.html]
[css/commente4da.css]
[html/getmainimgtext8240.html]
[html/getcomment8240.html]
[html/addcommenthref8240.html]
[delayed/jquery.d4.delayed]
[jpg/header_image1-2.jpg]
[html/index-2.html]
[jpg/header_image2-2.jpg]
[html/introduction-2.html]
[html/exhibitionnarrative-2.html]
[html/objectchecklist-2.html]
[html/associatedirector-2.html]
[html/guestcurator-2.html]
[html/fabq-2.html]
[html/exhibitioncatalogue-2.html]
[html/publicprograms-2.html]
[html/resources-2.html]
[html/previousexhibitions-2.html]
[html/isaw-2.html]
[html/facilities-2.html]
[html/contact-2.html]
[html/location-2.html]
[jpg/footer-2.jpg]
[html/273.html]
[html/index-3.html]
[html/858.html]
[html/251.html]
[html/109.html]
[html/102.html]
[html/89.html]
[html/84.html]
[html/70.html]
[html/62.html]
[html/60.html]
[html/59.html]
[html/54.html]
[html/53.html]
[html/52.html]
[html/49.html]
[html/cover.html]
[html/catalognew.html]
[html/contentsnew.html]
[html/jquery.html]
[html/index-2.html]
[html/header_image1.html]
[html/header_image2.html]
[html/introduction-2.html]
[html/exhibitionnarrative-2.html]
[html/objectchecklist-2.html]
[html/associatedirector-2.html]
[html/guestcurator-2.html]
[html/fabq-2.html]
[html/exhibitioncatalogue-2.html]
[html/publicprograms-2.html]
[html/resources-2.html]
[html/previousexhibitions-2.html]
[html/isaw-2.html]
[html/facilities-2.html]
[html/contact-2.html]
[html/location-2.html]
[html/footer.html]
[html/index-3.html]
[html/facilities-3.html]
[html/contact-3.html]
[html/isaw-3.html]
[html/introduction-3.html]
